  
    ************ Error Message List *************
  
    PW     --- Pathway                           
    Code   --- Error Type + Error Code           
    L#     --- The Line Number Where Error Occurs
    ModNam --- Module Name In Which Error Occurs 
    Hints  --- Hints For The Possible Solution   
    *********************************************
  
PW CODE    L#      MODNAM                       ERROR MESSAGES                      HINTS
-- ---- ------- ------------- -------------------------------------------------- ------------
  
CO W207       6       ERRFIL: No Parameters Specified. Default Values Will Used.     ERRORFIL
MX I460     153  SET_METDATA: Missing Hour Identified in Meteor. Data File at      2019030709
MX I460     154  SET_METDATA: Missing Hour Identified in Meteor. Data File at      2019030710
MX I460     155  SET_METDATA: Missing Hour Identified in Meteor. Data File at      2019030711
MX I460     156  SET_METDATA: Missing Hour Identified in Meteor. Data File at      2019030712
MX I460     157  SET_METDATA: Missing Hour Identified in Meteor. Data File at      2019030713
MX I460     158  SET_METDATA: Missing Hour Identified in Meteor. Data File at      2019030714
MX I460     159  SET_METDATA: Missing Hour Identified in Meteor. Data File at      2019030715
MX I460     160  SET_METDATA: Missing Hour Identified in Meteor. Data File at      2019030716
MX I460     161  SET_METDATA: Missing Hour Identified in Meteor. Data File at      2019030717
MX I460     162  SET_METDATA: Missing Hour Identified in Meteor. Data File at      2019030718
MX I460     225  SET_METDATA: Missing Hour Identified in Meteor. Data File at      2019031009
MX I460     226  SET_METDATA: Missing Hour Identified in Meteor. Data File at      2019031010
MX I460     227  SET_METDATA: Missing Hour Identified in Meteor. Data File at      2019031011
MX I460     228  SET_METDATA: Missing Hour Identified in Meteor. Data File at      2019031012
MX I460     229  SET_METDATA: Missing Hour Identified in Meteor. Data File at      2019031013
MX I460     230  SET_METDATA: Missing Hour Identified in Meteor. Data File at      2019031014
MX I460     231  SET_METDATA: Missing Hour Identified in Meteor. Data File at      2019031015
MX I460     232  SET_METDATA: Missing Hour Identified in Meteor. Data File at      2019031016
MX I460     233  SET_METDATA: Missing Hour Identified in Meteor. Data File at      2019031017
MX I460     234  SET_METDATA: Missing Hour Identified in Meteor. Data File at      2019031018
MX I460     315  SET_METDATA: Missing Hour Identified in Meteor. Data File at      2019031403
MX I460     316  SET_METDATA: Missing Hour Identified in Meteor. Data File at      2019031404
MX I460     317  SET_METDATA: Missing Hour Identified in Meteor. Data File at      2019031405
MX I460     318  SET_METDATA: Missing Hour Identified in Meteor. Data File at      2019031406
MX I460     319  SET_METDATA: Missing Hour Identified in Meteor. Data File at      2019031407
MX I460     320  SET_METDATA: Missing Hour Identified in Meteor. Data File at      2019031408
MX I460     321  SET_METDATA: Missing Hour Identified in Meteor. Data File at      2019031409
MX I460     322  SET_METDATA: Missing Hour Identified in Meteor. Data File at      2019031410
MX I460     323  SET_METDATA: Missing Hour Identified in Meteor. Data File at      2019031411
MX I460     324  SET_METDATA: Missing Hour Identified in Meteor. Data File at      2019031412
MX I460     325  SET_METDATA: Missing Hour Identified in Meteor. Data File at      2019031413
MX I460     326  SET_METDATA: Missing Hour Identified in Meteor. Data File at      2019031414
MX I460     327  SET_METDATA: Missing Hour Identified in Meteor. Data File at      2019031415
MX I460     328  SET_METDATA: Missing Hour Identified in Meteor. Data File at      2019031416
MX I460     329  SET_METDATA: Missing Hour Identified in Meteor. Data File at      2019031417
MX I460     330  SET_METDATA: Missing Hour Identified in Meteor. Data File at      2019031418
MX I460     480  SET_METDATA: Missing Hour Identified in Meteor. Data File at      2019032024
MX I460     481  SET_METDATA: Missing Hour Identified in Meteor. Data File at      2019032101
MX I460     482  SET_METDATA: Missing Hour Identified in Meteor. Data File at      2019032102
MX I460     483  SET_METDATA: Missing Hour Identified in Meteor. Data File at      2019032103
MX I460     484  SET_METDATA: Missing Hour Identified in Meteor. Data File at      2019032104
MX I460     485  SET_METDATA: Missing Hour Identified in Meteor. Data File at      2019032105
MX I460     486  SET_METDATA: Missing Hour Identified in Meteor. Data File at      2019032106
MX I460     487  SET_METDATA: Missing Hour Identified in Meteor. Data File at      2019032107
MX I460     488  SET_METDATA: Missing Hour Identified in Meteor. Data File at      2019032108
MX I460     489  SET_METDATA: Missing Hour Identified in Meteor. Data File at      2019032109
MX I460     490  SET_METDATA: Missing Hour Identified in Meteor. Data File at      2019032110
MX I460     491  SET_METDATA: Missing Hour Identified in Meteor. Data File at      2019032111
MX I440     774       CHKCLM: Calm Hour Identified in Meteorology Data File at     2019040206
MX I440     775       CHKCLM: Calm Hour Identified in Meteorology Data File at     2019040207
MX I460     944  SET_METDATA: Missing Hour Identified in Meteor. Data File at      2019040908
MX I460     945  SET_METDATA: Missing Hour Identified in Meteor. Data File at      2019040909
MX I460     946  SET_METDATA: Missing Hour Identified in Meteor. Data File at      2019040910
MX I460     947  SET_METDATA: Missing Hour Identified in Meteor. Data File at      2019040911
MX I460     948  SET_METDATA: Missing Hour Identified in Meteor. Data File at      2019040912
MX I460     949  SET_METDATA: Missing Hour Identified in Meteor. Data File at      2019040913
MX I460     950  SET_METDATA: Missing Hour Identified in Meteor. Data File at      2019040914
MX I460     951  SET_METDATA: Missing Hour Identified in Meteor. Data File at      2019040915
MX I460     952  SET_METDATA: Missing Hour Identified in Meteor. Data File at      2019040916
MX I460     953  SET_METDATA: Missing Hour Identified in Meteor. Data File at      2019040917
MX I460     954  SET_METDATA: Missing Hour Identified in Meteor. Data File at      2019040918
MX I460     987  SET_METDATA: Missing Hour Identified in Meteor. Data File at      2019041103
MX I460     988  SET_METDATA: Missing Hour Identified in Meteor. Data File at      2019041104
MX I460     989  SET_METDATA: Missing Hour Identified in Meteor. Data File at      2019041105
MX I460     990  SET_METDATA: Missing Hour Identified in Meteor. Data File at      2019041106
MX I460     991  SET_METDATA: Missing Hour Identified in Meteor. Data File at      2019041107
MX I460     992  SET_METDATA: Missing Hour Identified in Meteor. Data File at      2019041108
MX I460     993  SET_METDATA: Missing Hour Identified in Meteor. Data File at      2019041109
MX I460     994  SET_METDATA: Missing Hour Identified in Meteor. Data File at      2019041110
MX I460     995  SET_METDATA: Missing Hour Identified in Meteor. Data File at      2019041111
MX I460     996  SET_METDATA: Missing Hour Identified in Meteor. Data File at      2019041112
MX I460     997  SET_METDATA: Missing Hour Identified in Meteor. Data File at      2019041113
MX I460     998  SET_METDATA: Missing Hour Identified in Meteor. Data File at      2019041114
MX I460     999  SET_METDATA: Missing Hour Identified in Meteor. Data File at      2019041115
MX I460    1000  SET_METDATA: Missing Hour Identified in Meteor. Data File at      2019041116
MX I460    1001  SET_METDATA: Missing Hour Identified in Meteor. Data File at      2019041117
MX I460    1002  SET_METDATA: Missing Hour Identified in Meteor. Data File at      2019041118
MX I460    1003  SET_METDATA: Missing Hour Identified in Meteor. Data File at      2019041119
MX I460    1004  SET_METDATA: Missing Hour Identified in Meteor. Data File at      2019041120
MX I460    1005  SET_METDATA: Missing Hour Identified in Meteor. Data File at      2019041121
MX I460    1006  SET_METDATA: Missing Hour Identified in Meteor. Data File at      2019041122
MX I460    1007  SET_METDATA: Missing Hour Identified in Meteor. Data File at      2019041123
MX I460    1008  SET_METDATA: Missing Hour Identified in Meteor. Data File at      2019041124
MX I460    1009  SET_METDATA: Missing Hour Identified in Meteor. Data File at      2019041201
MX I460    1010  SET_METDATA: Missing Hour Identified in Meteor. Data File at      2019041202
MX I460    1011  SET_METDATA: Missing Hour Identified in Meteor. Data File at      2019041203
MX I460    1012  SET_METDATA: Missing Hour Identified in Meteor. Data File at      2019041204
MX I460    1013  SET_METDATA: Missing Hour Identified in Meteor. Data File at      2019041205
MX I460    1014  SET_METDATA: Missing Hour Identified in Meteor. Data File at      2019041206
MX I460    1015  SET_METDATA: Missing Hour Identified in Meteor. Data File at      2019041207
MX I460    1016  SET_METDATA: Missing Hour Identified in Meteor. Data File at      2019041208
MX I460    1017  SET_METDATA: Missing Hour Identified in Meteor. Data File at      2019041209
MX I460    1018  SET_METDATA: Missing Hour Identified in Meteor. Data File at      2019041210
MX I460    1019  SET_METDATA: Missing Hour Identified in Meteor. Data File at      2019041211
MX I460    1020  SET_METDATA: Missing Hour Identified in Meteor. Data File at      2019041212
MX I460    1044  SET_METDATA: Missing Hour Identified in Meteor. Data File at      2019041312
MX I460    1045  SET_METDATA: Missing Hour Identified in Meteor. Data File at      2019041313
MX I460    1046  SET_METDATA: Missing Hour Identified in Meteor. Data File at      2019041314
MX I460    1047  SET_METDATA: Missing Hour Identified in Meteor. Data File at      2019041315
MX I460    1048  SET_METDATA: Missing Hour Identified in Meteor. Data File at      2019041316
MX I460    1049  SET_METDATA: Missing Hour Identified in Meteor. Data File at      2019041317
MX I460    1050  SET_METDATA: Missing Hour Identified in Meteor. Data File at      2019041318
MX I460    1051  SET_METDATA: Missing Hour Identified in Meteor. Data File at      2019041319
MX I460    1052  SET_METDATA: Missing Hour Identified in Meteor. Data File at      2019041320
MX I460    1053  SET_METDATA: Missing Hour Identified in Meteor. Data File at      2019041321
MX I460    1054  SET_METDATA: Missing Hour Identified in Meteor. Data File at      2019041322
MX I460    1055  SET_METDATA: Missing Hour Identified in Meteor. Data File at      2019041323
MX I460    1056  SET_METDATA: Missing Hour Identified in Meteor. Data File at      2019041324
MX I460    1057  SET_METDATA: Missing Hour Identified in Meteor. Data File at      2019041401
MX I460    1058  SET_METDATA: Missing Hour Identified in Meteor. Data File at      2019041402
MX I460    1059  SET_METDATA: Missing Hour Identified in Meteor. Data File at      2019041403
MX I460    1060  SET_METDATA: Missing Hour Identified in Meteor. Data File at      2019041404
MX I460    1061  SET_METDATA: Missing Hour Identified in Meteor. Data File at      2019041405
MX I460    1062  SET_METDATA: Missing Hour Identified in Meteor. Data File at      2019041406
MX I460    1063  SET_METDATA: Missing Hour Identified in Meteor. Data File at      2019041407
MX I460    1064  SET_METDATA: Missing Hour Identified in Meteor. Data File at      2019041408
MX I460    1065  SET_METDATA: Missing Hour Identified in Meteor. Data File at      2019041409
MX I460    1066  SET_METDATA: Missing Hour Identified in Meteor. Data File at      2019041410
MX I460    1068  SET_METDATA: Missing Hour Identified in Meteor. Data File at      2019041412
MX I460    1073  SET_METDATA: Missing Hour Identified in Meteor. Data File at      2019041417
MX I460    1074  SET_METDATA: Missing Hour Identified in Meteor. Data File at      2019041418
MX I460    1075  SET_METDATA: Missing Hour Identified in Meteor. Data File at      2019041419
MX I460    1076  SET_METDATA: Missing Hour Identified in Meteor. Data File at      2019041420
MX I460    1077  SET_METDATA: Missing Hour Identified in Meteor. Data File at      2019041421
MX I460    1078  SET_METDATA: Missing Hour Identified in Meteor. Data File at      2019041422
MX I460    1089  SET_METDATA: Missing Hour Identified in Meteor. Data File at      2019041509
MX I460    1090  SET_METDATA: Missing Hour Identified in Meteor. Data File at      2019041510
MX I460    1091  SET_METDATA: Missing Hour Identified in Meteor. Data File at      2019041511
MX I460    1092  SET_METDATA: Missing Hour Identified in Meteor. Data File at      2019041512
MX I460    1093  SET_METDATA: Missing Hour Identified in Meteor. Data File at      2019041513
MX I460    1094  SET_METDATA: Missing Hour Identified in Meteor. Data File at      2019041514
MX I460    1095  SET_METDATA: Missing Hour Identified in Meteor. Data File at      2019041515
MX I460    1096  SET_METDATA: Missing Hour Identified in Meteor. Data File at      2019041516
MX I460    1097  SET_METDATA: Missing Hour Identified in Meteor. Data File at      2019041517
MX I460    1098  SET_METDATA: Missing Hour Identified in Meteor. Data File at      2019041518
MX I460    1099  SET_METDATA: Missing Hour Identified in Meteor. Data File at      2019041519
MX I460    2168  SET_METDATA: Missing Hour Identified in Meteor. Data File at      2019053008
MX I460    2169  SET_METDATA: Missing Hour Identified in Meteor. Data File at      2019053009
MX I460    2170  SET_METDATA: Missing Hour Identified in Meteor. Data File at      2019053010
MX I460    2171  SET_METDATA: Missing Hour Identified in Meteor. Data File at      2019053011
MX I460    2172  SET_METDATA: Missing Hour Identified in Meteor. Data File at      2019053012
MX I460    2173  SET_METDATA: Missing Hour Identified in Meteor. Data File at      2019053013
MX I460    2174  SET_METDATA: Missing Hour Identified in Meteor. Data File at      2019053014
MX I460    2175  SET_METDATA: Missing Hour Identified in Meteor. Data File at      2019053015
MX I460    2176  SET_METDATA: Missing Hour Identified in Meteor. Data File at      2019053016
MX I460    2177  SET_METDATA: Missing Hour Identified in Meteor. Data File at      2019053017
MX I460    2178  SET_METDATA: Missing Hour Identified in Meteor. Data File at      2019053018
MX I460    2179  SET_METDATA: Missing Hour Identified in Meteor. Data File at      2019053019
MX I460    2343  SET_METDATA: Missing Hour Identified in Meteor. Data File at      2019060615
MX I460    2344  SET_METDATA: Missing Hour Identified in Meteor. Data File at      2019060616
MX I460    2345  SET_METDATA: Missing Hour Identified in Meteor. Data File at      2019060617
MX I460    2346  SET_METDATA: Missing Hour Identified in Meteor. Data File at      2019060618
MX I460    2347  SET_METDATA: Missing Hour Identified in Meteor. Data File at      2019060619
MX I460    2348  SET_METDATA: Missing Hour Identified in Meteor. Data File at      2019060620
MX I460    2349  SET_METDATA: Missing Hour Identified in Meteor. Data File at      2019060621
MX I460    2350  SET_METDATA: Missing Hour Identified in Meteor. Data File at      2019060622
MX I460    2351  SET_METDATA: Missing Hour Identified in Meteor. Data File at      2019060623
MX I460    2360  SET_METDATA: Missing Hour Identified in Meteor. Data File at      2019060708
MX I460    2361  SET_METDATA: Missing Hour Identified in Meteor. Data File at      2019060709
MX I460    2362  SET_METDATA: Missing Hour Identified in Meteor. Data File at      2019060710
MX I460    2363  SET_METDATA: Missing Hour Identified in Meteor. Data File at      2019060711
MX I460    2364  SET_METDATA: Missing Hour Identified in Meteor. Data File at      2019060712
MX I460    2365  SET_METDATA: Missing Hour Identified in Meteor. Data File at      2019060713
MX I460    2366  SET_METDATA: Missing Hour Identified in Meteor. Data File at      2019060714
MX I460    2367  SET_METDATA: Missing Hour Identified in Meteor. Data File at      2019060715
MX I460    2368  SET_METDATA: Missing Hour Identified in Meteor. Data File at      2019060716
MX I460    2369  SET_METDATA: Missing Hour Identified in Meteor. Data File at      2019060717
MX I460    2370  SET_METDATA: Missing Hour Identified in Meteor. Data File at      2019060718
MX I460    2371  SET_METDATA: Missing Hour Identified in Meteor. Data File at      2019060719
MX I460    2600  SET_METDATA: Missing Hour Identified in Meteor. Data File at      2019061708
MX I460    2601  SET_METDATA: Missing Hour Identified in Meteor. Data File at      2019061709
MX I460    2602  SET_METDATA: Missing Hour Identified in Meteor. Data File at      2019061710
MX I460    2603  SET_METDATA: Missing Hour Identified in Meteor. Data File at      2019061711
MX I460    2604  SET_METDATA: Missing Hour Identified in Meteor. Data File at      2019061712
MX I460    2605  SET_METDATA: Missing Hour Identified in Meteor. Data File at      2019061713
MX I460    2606  SET_METDATA: Missing Hour Identified in Meteor. Data File at      2019061714
MX I460    2607  SET_METDATA: Missing Hour Identified in Meteor. Data File at      2019061715
MX I460    2608  SET_METDATA: Missing Hour Identified in Meteor. Data File at      2019061716
MX I460    2609  SET_METDATA: Missing Hour Identified in Meteor. Data File at      2019061717
MX I460    2610  SET_METDATA: Missing Hour Identified in Meteor. Data File at      2019061718
MX I460    2611  SET_METDATA: Missing Hour Identified in Meteor. Data File at      2019061719
MX I440    3557       CHKCLM: Calm Hour Identified in Meteorology Data File at     2019072705
MX I460    3656  SET_METDATA: Missing Hour Identified in Meteor. Data File at      2019073108
MX I460    3657  SET_METDATA: Missing Hour Identified in Meteor. Data File at      2019073109
MX I460    3658  SET_METDATA: Missing Hour Identified in Meteor. Data File at      2019073110
MX I460    3659  SET_METDATA: Missing Hour Identified in Meteor. Data File at      2019073111
MX I460    3660  SET_METDATA: Missing Hour Identified in Meteor. Data File at      2019073112
MX I460    3661  SET_METDATA: Missing Hour Identified in Meteor. Data File at      2019073113
MX I460    3662  SET_METDATA: Missing Hour Identified in Meteor. Data File at      2019073114
MX I460    3663  SET_METDATA: Missing Hour Identified in Meteor. Data File at      2019073115
MX I460    3664  SET_METDATA: Missing Hour Identified in Meteor. Data File at      2019073116
MX I460    3665  SET_METDATA: Missing Hour Identified in Meteor. Data File at      2019073117
MX I460    3666  SET_METDATA: Missing Hour Identified in Meteor. Data File at      2019073118
MX I460    3667  SET_METDATA: Missing Hour Identified in Meteor. Data File at      2019073119
MX I460    3680  SET_METDATA: Missing Hour Identified in Meteor. Data File at      2019080108
MX I460    3681  SET_METDATA: Missing Hour Identified in Meteor. Data File at      2019080109
MX I460    3682  SET_METDATA: Missing Hour Identified in Meteor. Data File at      2019080110
MX I460    3683  SET_METDATA: Missing Hour Identified in Meteor. Data File at      2019080111
MX I460    3684  SET_METDATA: Missing Hour Identified in Meteor. Data File at      2019080112
MX I460    3685  SET_METDATA: Missing Hour Identified in Meteor. Data File at      2019080113
MX I460    3686  SET_METDATA: Missing Hour Identified in Meteor. Data File at      2019080114
MX I460    3687  SET_METDATA: Missing Hour Identified in Meteor. Data File at      2019080115
MX I460    3688  SET_METDATA: Missing Hour Identified in Meteor. Data File at      2019080116
MX I460    3689  SET_METDATA: Missing Hour Identified in Meteor. Data File at      2019080117
MX I460    3690  SET_METDATA: Missing Hour Identified in Meteor. Data File at      2019080118
MX I460    3691  SET_METDATA: Missing Hour Identified in Meteor. Data File at      2019080119
MX I460    3692  SET_METDATA: Missing Hour Identified in Meteor. Data File at      2019080120
MX I460    3693  SET_METDATA: Missing Hour Identified in Meteor. Data File at      2019080121
MX I460    3694  SET_METDATA: Missing Hour Identified in Meteor. Data File at      2019080122
MX I460    3695  SET_METDATA: Missing Hour Identified in Meteor. Data File at      2019080123
MX I460    3696  SET_METDATA: Missing Hour Identified in Meteor. Data File at      2019080124
